// Jest Snapshot v1, https://goo.gl/fbAQLP

exports[`<FormField /> renders properly 1`] = `
<div>
  <div
    class="jsx-2066762092 fieldWrapper"
  >
    <label
      class="jsx-2066762092 fontS"
      for="name"
    >
      Nome
       *
    </label>
    <input
      aria-describedby="nameErrorMessage"
      class="jsx-2066762092 fontS"
      data-error="true"
      data-testid="name"
      id="name"
      name="name"
      required=""
      title="name"
      type="text"
      value=""
    />
    <span
      class="jsx-2066762092 errorMessage fontXXS visible"
      data-testid="errorMessage_visible"
      id="nameErrorMessage"
    >
      Este campo é obrigatório. Por favor insira o seu primeiro e último nome
    </span>
  </div>
</div>
`;
