// Jest Snapshot v1, https://goo.gl/fbAQLP

exports[`<SkillItem /> renders properly 1`] = `
<div>
  <img
    alt="Título"
    class="imageOpacity"
    data-nimg="1"
    decoding="async"
    height="130"
    loading="lazy"
    src="/images/icons/strategy.svg"
    style="color: transparent;"
    width="160"
  />
  <strong
    class="jsx-1722958468 fontM"
  >
    Título
  </strong>
  <p
    class="jsx-1722958468 fontXS"
  >
    Descrição
  </p>
</div>
`;
